// Jest Snapshot v1, https://goo.gl/fbAQLP

exports[`Should render ExpenseList with empty message 1`] = `
<div>
  <p>
    No expenses
  </p>
</div>
`;

exports[`Should render ExpenseList with expenses 1`] = `
<div>
  <ExpenseListItem
    amount={100}
    createdAt={86400000}
    description="apple"
    id={1}
    key="1"
    note=""
  />
  <ExpenseListItem
    amount={2000}
    createdAt={259200000}
    description="orange"
    id={2}
    key="2"
    note=""
  />
  <ExpenseListItem
    amount={300}
    createdAt={604800000}
    description="melon"
    id={3}
    key="3"
    note=""
  />
</div>
`;
