// Jest Snapshot v1, https://goo.gl/fbAQLP

exports[`Should render the 404 page 1`] = `
<div>
  404 page component - 
  <Link
    replace={false}
    to="/"
  >
    Go home
  </Link>
</div>
`;
